QA output created by 048
Formatting 'TEST_DIR/t.IMGFMT', fmt=IMGFMT size=1073741824
=== IO: pattern 45
qemu-io> wrote 4096/4096 bytes at offset 524288
4 KiB, X ops; XX:XX:XX.X (XXX YYY/sec and XXX ops/sec)
qemu-io> wrote 4096/4096 bytes at offset 528384
4 KiB, X ops; XX:XX:XX.X (XXX YYY/sec and XXX ops/sec)
qemu-io> wrote 4096/4096 bytes at offset 532480
4 KiB, X ops; XX:XX:XX.X (XXX YYY/sec and XXX ops/sec)
qemu-io> wrote 4096/4096 bytes at offset 536576
4 KiB, X ops; XX:XX:XX.X (XXX YYY/sec and XXX ops/sec)
qemu-io> Images are identical.
Image resized.
Warning: Image size mismatch!
Images are identical.
Strict mode: Image size mismatch!
=== IO: pattern 67
qemu-io> wrote 4096/4096 bytes at offset 1228800
4 KiB, X ops; XX:XX:XX.X (XXX YYY/sec and XXX ops/sec)
qemu-io> Content mismatch at offset 1228800!
=== IO: pattern 123
qemu-io> wrote 4096/4096 bytes at offset 0
4 KiB, X ops; XX:XX:XX.X (XXX YYY/sec and XXX ops/sec)
qemu-io> Content mismatch at offset 0!
Cleanup
